// Jest Snapshot v1, https://goo.gl/fbAQLP

exports[`Componente pruebas Debe mostrar el componente 1`] = `
<div
  className="card animate__animated animate__bounce animate__slow"
>
  <img
    alt="Un titulo"
    src="https://localhost.com/test.jpg"
  />
  <p>
    Un titulo
  </p>
</div>
`;
